stm32f1xx_it.c:96:6:NMI_Handler	4	static
stm32f1xx_it.c:111:6:HardFault_Handler	4	static
stm32f1xx_it.c:126:6:MemManage_Handler	4	static
stm32f1xx_it.c:141:6:BusFault_Handler	4	static
stm32f1xx_it.c:156:6:UsageFault_Handler	4	static
stm32f1xx_it.c:171:6:SVC_Handler	4	static
stm32f1xx_it.c:184:6:DebugMon_Handler	4	static
stm32f1xx_it.c:197:6:PendSV_Handler	4	static
stm32f1xx_it.c:210:6:SysTick_Handler	8	static
stm32f1xx_it.c:230:6:EXTI2_IRQHandler	8	static
stm32f1xx_it.c:244:6:EXTI3_IRQHandler	8	static
stm32f1xx_it.c:258:6:DMA1_Channel1_IRQHandler	8	static
stm32f1xx_it.c:272:6:DMA1_Channel4_IRQHandler	8	static
stm32f1xx_it.c:286:6:DMA1_Channel5_IRQHandler	8	static
stm32f1xx_it.c:300:6:DMA1_Channel6_IRQHandler	8	static
stm32f1xx_it.c:314:6:DMA1_Channel7_IRQHandler	8	static
stm32f1xx_it.c:328:6:ADC1_2_IRQHandler	8	static
stm32f1xx_it.c:342:6:TIM2_IRQHandler	8	static
stm32f1xx_it.c:356:6:TIM3_IRQHandler	8	static
stm32f1xx_it.c:370:6:USART1_IRQHandler	24	static
